EN fullsubt NULL "C:/ISE Project/Dovahfullsubt/Fullsubt.vhd" sub00/vhpl00 1674756969
EN ggxfgf NULL "C:/ISE Project/Dovahfullsubt/ggxfgf.vhd" sub00/vhpl02 1674789740
AR fullsubt behavioral "C:/ISE Project/Dovahfullsubt/Fullsubt.vhd" sub00/vhpl01 1674756970
AR ggxfgf behavioral "C:/ISE Project/Dovahfullsubt/ggxfgf.vhd" sub00/vhpl03 1674789741
