V3 3
FL "C:/ISE Project/Dovahsevenseggsdis/sevenseggsdis.vhd" 2023/01/26.22:37:31 P.20131013
EN work/Dovah7seggs 1674840788 \
      FL "C:/ISE Project/Dovahsevenseggsdis/sevenseggsdis.vhd" \
      PB ieee/std_logic_1164 1381692176
AR work/Dovah7seggs/Behavioral 1674840789 \
      FL "C:/ISE Project/Dovahsevenseggsdis/sevenseggsdis.vhd" \
      EN work/Dovah7seggs 1674840788
