V3 3
FL "C:/ISE Project/Dovahhalfsubt/halfsubt.vhd" 2023/01/27.07:13:09 P.20131013
EN work/halfsubt 1674842453 FL "C:/ISE Project/Dovahhalfsubt/halfsubt.vhd" \
      PB ieee/std_logic_1164 1381692176
AR work/halfsubt/Behavioral 1674842454 \
      FL "C:/ISE Project/Dovahhalfsubt/halfsubt.vhd" EN work/halfsubt 1674842453
