EN submultiplex NULL "C:/ISE Project/Dovahmultiplexstruct/submultiplex.vhd" sub00/vhpl02 1676310888
AR multiplex behavioral "C:/ISE Project/Dovahmultiplexstruct/multiplex.vhd" sub00/vhpl01 1676310891
AR submultiplex behavioral "C:/ISE Project/Dovahmultiplexstruct/submultiplex.vhd" sub00/vhpl03 1676310889
EN multiplex NULL "C:/ISE Project/Dovahmultiplexstruct/multiplex.vhd" sub00/vhpl00 1676310890
