Release 14.7 - xst P.20131013 (nt64)
Copyright (c) 1995-2013 Xilinx, Inc.  All rights reserved.
--> Parameter TMPDIR set to xst/projnav.tmp


Total REAL time to Xst completion: 0.00 secs
Total CPU time to Xst completion: 0.14 secs
 
--> Parameter xsthdpdir set to xst


Total REAL time to Xst completion: 0.00 secs
Total CPU time to Xst completion: 0.14 secs
 
--> Reading design: multiplex.prj

TABLE OF CONTENTS
  1) Synthesis Options Summary
  2) HDL Compilation
  3) Design Hierarchy Analysis
  4) HDL Analysis
  5) HDL Synthesis
     5.1) HDL Synthesis Report
  6) Advanced HDL Synthesis
     6.1) Advanced HDL Synthesis Report
  7) Low Level Synthesis
  8) Partition Report
  9) Final Report
	9.1) Device utilization summary
	9.2) Partition Resource Summary
	9.3) TIMING REPORT


=========================================================================
*                      Synthesis Options Summary                        *
=========================================================================
---- Source Parameters
Input File Name                    : "multiplex.prj"
Input Format                       : mixed
Ignore Synthesis Constraint File   : NO

---- Target Parameters
Output File Name                   : "multiplex"
Output Format                      : NGC
Target Device                      : xc3s100e-5-vq100

---- Source Options
Top Module Name                    : multiplex
Automatic FSM Extraction           : YES
FSM Encoding Algorithm             : Auto
Safe Implementation                : No
FSM Style                          : LUT
RAM Extraction                     : Yes
RAM Style                          : Auto
ROM Extraction                     : Yes
Mux Style                          : Auto
Decoder Extraction                 : YES
Priority Encoder Extraction        : Yes
Shift Register Extraction          : YES
Logical Shifter Extraction         : YES
XOR Collapsing                     : YES
ROM Style                          : Auto
Mux Extraction                     : Yes
Resource Sharing                   : YES
Asynchronous To Synchronous        : NO
Multiplier Style                   : Auto
Automatic Register Balancing       : No

---- Target Options
Add IO Buffers                     : YES
Global Maximum Fanout              : 100000
Add Generic Clock Buffer(BUFG)     : 24
Register Duplication               : YES
Slice Packing                      : YES
Optimize Instantiated Primitives   : NO
Use Clock Enable                   : Yes
Use Synchronous Set                : Yes
Use Synchronous Reset              : Yes
Pack IO Registers into IOBs        : Auto
Equivalent register Removal        : YES

---- General Options
Optimization Goal                  : Speed
Optimization Effort                : 1
Keep Hierarchy                     : No
Netlist Hierarchy                  : As_Optimized
RTL Output                         : Yes
Global Optimization                : AllClockNets
Read Cores                         : YES
Write Timing Constraints           : NO
Cross Clock Analysis               : NO
Hierarchy Separator                : /
Bus Delimiter                      : <>
Case Specifier                     : Maintain
Slice Utilization Ratio            : 100
BRAM Utilization Ratio             : 100
Verilog 2001                       : YES
Auto BRAM Packing                  : NO
Slice Utilization Ratio Delta      : 5

=========================================================================


=========================================================================
*                          HDL Compilation                              *
=========================================================================
Compiling vhdl file "C:/ISE Project/Dovahmultiplexstruct/submultiplex.vhd" in Library work.
Architecture behavioral of Entity submultiplex is up to date.
Compiling vhdl file "C:/ISE Project/Dovahmultiplexstruct/multiplex.vhd" in Library work.
Architecture behavioral of Entity multiplex is up to date.

=========================================================================
*                     Design Hierarchy Analysis                         *
=========================================================================
Analyzing hierarchy for entity <multiplex> in library <work> (architecture <behavioral>).

Analyzing hierarchy for entity <submultiplex> in library <work> (architecture <behavioral>).


=========================================================================
*                            HDL Analysis                               *
=========================================================================
Analyzing Entity <multiplex> in library <work> (Architecture <behavioral>).
Entity <multiplex> analyzed. Unit <multiplex> generated.

Analyzing Entity <submultiplex> in library <work> (Architecture <behavioral>).
Entity <submultiplex> analyzed. Unit <submultiplex> generated.


=========================================================================
*                           HDL Synthesis                               *
=========================================================================

Performing bidirectional port resolution...

Synthesizing Unit <submultiplex>.
    Related source file is "C:/ISE Project/Dovahmultiplexstruct/submultiplex.vhd".
WARNING:Xst:737 - Found 4-bit latch for signal <aas>. Latches may be generated from incomplete case or if statements. We do not recommend the use of latches in FPGA/CPLD designs, as they may lead to timing problems.
Unit <submultiplex> synthesized.


Synthesizing Unit <multiplex>.
    Related source file is "C:/ISE Project/Dovahmultiplexstruct/multiplex.vhd".
Unit <multiplex> synthesized.


=========================================================================
HDL Synthesis Report

Macro Statistics
# Latches                                              : 5
 4-bit latch                                           : 5

=========================================================================

=========================================================================
*                       Advanced HDL Synthesis                          *
=========================================================================


=========================================================================
Advanced HDL Synthesis Report

Macro Statistics
# Latches                                              : 5
 4-bit latch                                           : 5

=========================================================================

=========================================================================
*                         Low Level Synthesis                           *
=========================================================================

Optimizing unit <multiplex> ...

Optimizing unit <submultiplex> ...

Mapping all equations...
Building and optimizing final netlist ...
Found area constraint ratio of 100 (+ 5) on block multiplex, actual ratio is 6.

Final Macro Processing ...

=========================================================================
Final Register Report

Found no macro
=========================================================================

=========================================================================
*                           Partition Report                            *
=========================================================================

Partition Implementation Status
-------------------------------

  No Partitions were found in this design.

-------------------------------

=========================================================================
*                            Final Report                               *
=========================================================================
Final Results
RTL Top Level Output File Name     : multiplex.ngr
Top Level Output File Name         : multiplex
Output Format                      : NGC
Optimization Goal                  : Speed
Keep Hierarchy                     : No

Design Statistics
# IOs                              : 72

Cell Usage :
# BELS                             : 100
#      LUT3                        : 80
#      MUXF5                       : 20
# FlipFlops/Latches                : 20
#      LDCPE                       : 20
# Clock Buffers                    : 2
#      BUFG                        : 2
# IO Buffers                       : 72
#      IBUF                        : 68
#      OBUF                        : 4
=========================================================================

Device utilization summary:
---------------------------

Selected Device : 3s100evq100-5 

 Number of Slices:                       43  out of    960     4%  
 Number of Slice Flip Flops:             16  out of   1920     0%  
 Number of 4 input LUTs:                 80  out of   1920     4%  
 Number of IOs:                          72
 Number of bonded IOBs:                  72  out of     66   109% (*) 
    IOB Flip Flops:                       4
 Number of GCLKs:                         2  out of     24     8%  

WARNING:Xst:1336 -  (*) More than 100% of Device resources are used

---------------------------
Partition Resource Summary:
---------------------------

  No Partitions were found in this design.

---------------------------


=========================================================================
TIMING REPORT

NOTE: THESE TIMING NUMBERS ARE ONLY A SYNTHESIS ESTIMATE.
      FOR ACCURATE TIMING INFORMATION PLEASE REFER TO THE TRACE REPORT
      GENERATED AFTER PLACE-and-ROUTE.

Clock Information:
------------------
-----------------------------------+------------------------+-------+
Clock Signal                       | Clock buffer(FF name)  | Load  |
-----------------------------------+------------------------+-------+
sg3                                | IBUF+BUFG              | 4     |
sg1                                | IBUF+BUFG              | 16    |
-----------------------------------+------------------------+-------+

Asynchronous Control Signals Information:
----------------------------------------
---------------------------------------+------------------------+-------+
Control Signal                         | Buffer(FF name)        | Load  |
---------------------------------------+------------------------+-------+
A1/aas_0__and0000(A1/aas_0__and00001:O)| NONE(A1/aas_0)         | 1     |
A1/aas_0__and0001(A1/aas_0__and00011:O)| NONE(A1/aas_0)         | 1     |
A1/aas_1__and0000(A1/aas_1__and00001:O)| NONE(A1/aas_1)         | 1     |
A1/aas_1__and0001(A1/aas_1__and00011:O)| NONE(A1/aas_1)         | 1     |
A1/aas_2__and0000(A1/aas_2__and00001:O)| NONE(A1/aas_2)         | 1     |
A1/aas_2__and0001(A1/aas_2__and00011:O)| NONE(A1/aas_2)         | 1     |
A1/aas_3__and0000(A1/aas_3__and00001:O)| NONE(A1/aas_3)         | 1     |
A1/aas_3__and0001(A1/aas_3__and00011:O)| NONE(A1/aas_3)         | 1     |
A2/aas_0__and0000(A2/aas_0__and00001:O)| NONE(A2/aas_0)         | 1     |
A2/aas_0__and0001(A2/aas_0__and00011:O)| NONE(A2/aas_0)         | 1     |
A2/aas_1__and0000(A2/aas_1__and00001:O)| NONE(A2/aas_1)         | 1     |
A2/aas_1__and0001(A2/aas_1__and00011:O)| NONE(A2/aas_1)         | 1     |
A2/aas_2__and0000(A2/aas_2__and00001:O)| NONE(A2/aas_2)         | 1     |
A2/aas_2__and0001(A2/aas_2__and00011:O)| NONE(A2/aas_2)         | 1     |
A2/aas_3__and0000(A2/aas_3__and00001:O)| NONE(A2/aas_3)         | 1     |
A2/aas_3__and0001(A2/aas_3__and00011:O)| NONE(A2/aas_3)         | 1     |
A3/aas_0__and0000(A3/aas_0__and00001:O)| NONE(A3/aas_0)         | 1     |
A3/aas_0__and0001(A3/aas_0__and00011:O)| NONE(A3/aas_0)         | 1     |
A3/aas_1__and0000(A3/aas_1__and00001:O)| NONE(A3/aas_1)         | 1     |
A3/aas_1__and0001(A3/aas_1__and00011:O)| NONE(A3/aas_1)         | 1     |
A3/aas_2__and0000(A3/aas_2__and00001:O)| NONE(A3/aas_2)         | 1     |
A3/aas_2__and0001(A3/aas_2__and00011:O)| NONE(A3/aas_2)         | 1     |
A3/aas_3__and0000(A3/aas_3__and00001:O)| NONE(A3/aas_3)         | 1     |
A3/aas_3__and0001(A3/aas_3__and00011:O)| NONE(A3/aas_3)         | 1     |
A4/aas_0__and0000(A4/aas_0__and00001:O)| NONE(A4/aas_0)         | 1     |
A4/aas_0__and0001(A4/aas_0__and00011:O)| NONE(A4/aas_0)         | 1     |
A4/aas_1__and0000(A4/aas_1__and00001:O)| NONE(A4/aas_1)         | 1     |
A4/aas_1__and0001(A4/aas_1__and00011:O)| NONE(A4/aas_1)         | 1     |
A4/aas_2__and0000(A4/aas_2__and00001:O)| NONE(A4/aas_2)         | 1     |
A4/aas_2__and0001(A4/aas_2__and00011:O)| NONE(A4/aas_2)         | 1     |
A4/aas_3__and0000(A4/aas_3__and00001:O)| NONE(A4/aas_3)         | 1     |
A4/aas_3__and0001(A4/aas_3__and00011:O)| NONE(A4/aas_3)         | 1     |
A5/aas_0__and0000(A5/aas_0__and00001:O)| NONE(A5/aas_0)         | 1     |
A5/aas_0__and0001(A5/aas_0__and00011:O)| NONE(A5/aas_0)         | 1     |
A5/aas_1__and0000(A5/aas_1__and00001:O)| NONE(A5/aas_1)         | 1     |
A5/aas_1__and0001(A5/aas_1__and00011:O)| NONE(A5/aas_1)         | 1     |
A5/aas_2__and0000(A5/aas_2__and00001:O)| NONE(A5/aas_2)         | 1     |
A5/aas_2__and0001(A5/aas_2__and00011:O)| NONE(A5/aas_2)         | 1     |
A5/aas_3__and0000(A5/aas_3__and00001:O)| NONE(A5/aas_3)         | 1     |
A5/aas_3__and0001(A5/aas_3__and00011:O)| NONE(A5/aas_3)         | 1     |
---------------------------------------+------------------------+-------+

Timing Summary:
---------------
Speed Grade: -5

   Minimum period: No path found
   Minimum input arrival time before clock: 3.498ns
   Maximum output required time after clock: 4.114ns
   Maximum combinational path delay: No path found

Timing Detail:
--------------
All values displayed in nanoseconds (ns)

=========================================================================
Timing constraint: Default OFFSET IN BEFORE for Clock 'sg3'
  Total number of paths / destination ports: 16 / 8
-------------------------------------------------------------------------
Offset:              3.309ns (Levels of Logic = 3)
  Source:            sg3 (PAD)
  Destination:       A5/aas_3 (LATCH)
  Destination Clock: sg3 falling

  Data Path: sg3 to A5/aas_3
                                Gate     Net
    Cell:in->out      fanout   Delay   Delay  Logical Name (Net Name)
    ----------------------------------------  ------------
     IBUF:I->O            17   1.106   1.045  sg3_IBUF (sg3_IBUF1)
     LUT3:I0->O            1   0.612   0.000  A5/aas_mux0003<3>_F (N62)
     MUXF5:I0->O           3   0.278   0.000  A5/aas_mux0003<3> (A5/aas_mux0003<3>)
     LDCPE:D                   0.268          A5/aas_3
    ----------------------------------------
    Total                      3.309ns (2.264ns logic, 1.045ns route)
                                       (68.4% logic, 31.6% route)

=========================================================================
Timing constraint: Default OFFSET IN BEFORE for Clock 'sg1'
  Total number of paths / destination ports: 128 / 32
-------------------------------------------------------------------------
Offset:              3.498ns (Levels of Logic = 3)
  Source:            sg1 (PAD)
  Destination:       A4/aas_3 (LATCH)
  Destination Clock: sg1 falling

  Data Path: sg1 to A4/aas_3
                                Gate     Net
    Cell:in->out      fanout   Delay   Delay  Logical Name (Net Name)
    ----------------------------------------  ------------
     IBUF:I->O            65   1.106   1.234  sg1_IBUF (sg1_IBUF1)
     LUT3:I0->O            1   0.612   0.000  A4/aas_mux0003<3>_F (N70)
     MUXF5:I0->O           3   0.278   0.000  A4/aas_mux0003<3> (A4/aas_mux0003<3>)
     LDCPE:D                   0.268          A4/aas_3
    ----------------------------------------
    Total                      3.498ns (2.264ns logic, 1.234ns route)
                                       (64.7% logic, 35.3% route)

=========================================================================
Timing constraint: Default OFFSET OUT AFTER for Clock 'sg3'
  Total number of paths / destination ports: 4 / 4
-------------------------------------------------------------------------
Offset:              4.114ns (Levels of Logic = 1)
  Source:            A5/aas_3 (LATCH)
  Destination:       aa<3> (PAD)
  Source Clock:      sg3 falling

  Data Path: A5/aas_3 to aa<3>
                                Gate     Net
    Cell:in->out      fanout   Delay   Delay  Logical Name (Net Name)
    ----------------------------------------  ------------
     LDCPE:G->Q            1   0.588   0.357  A5/aas_3 (A5/aas_3)
     OBUF:I->O                 3.169          aa_3_OBUF (aa<3>)
    ----------------------------------------
    Total                      4.114ns (3.757ns logic, 0.357ns route)
                                       (91.3% logic, 8.7% route)

=========================================================================


Total REAL time to Xst completion: 4.00 secs
Total CPU time to Xst completion: 4.19 secs
 
--> 

Total memory usage is 4514540 kilobytes

Number of errors   :    0 (   0 filtered)
Number of warnings :    2 (   0 filtered)
Number of infos    :    0 (   0 filtered)

