V3 3
FL "C:/ISE Project/DovahMultiplex/dovahmultiplexer.vhd" 2023/01/27.07:50:22 P.20131013
EN work/dovahmultiplexer 1674841657 \
      FL "C:/ISE Project/DovahMultiplex/dovahmultiplexer.vhd" \
      PB ieee/std_logic_1164 1381692176
AR work/dovahmultiplexer/Behavioral 1674841658 \
      FL "C:/ISE Project/DovahMultiplex/dovahmultiplexer.vhd" \
      EN work/dovahmultiplexer 1674841657
